+ date -Is
2026-09-23T21:53:50+08:00
+ hostname
rwcpu8.cse.ust.hk
+ cat /usr/lib/tmpfiles.d/tmp.conf
#  This file is part of systemd.
#
#  systemd is free software; you can redistribute it and/or modify it
#  under the terms of the GNU Lesser General Public License as published by
#  the Free Software Foundation; either version 2.1 of the License, or
#  (at your option) any later version.

# See tmpfiles.d(5) for details

# Clear tmp directories separately, to make them easier to override
q /tmp 1777 root root 10d
q /var/tmp 1777 root root 30d
+ for p in /rwproject/kdd-db/kluaq/.snapshot /rwproject/kdd-db/.snapshot /rwproject/kdd-db/kluaq/.snapshots /homes/kluaq/.snapshot /homes/kluaq/.snapshots /rwproject/kdd-db/kluaq/.local/share/Trash /homes/kluaq/.local/share/Trash
+ stat /rwproject/kdd-db/kluaq/.snapshot
stat: cannot statx '/rwproject/kdd-db/kluaq/.snapshot': No such file or directory
+ for p in /rwproject/kdd-db/kluaq/.snapshot /rwproject/kdd-db/.snapshot /rwproject/kdd-db/kluaq/.snapshots /homes/kluaq/.snapshot /homes/kluaq/.snapshots /rwproject/kdd-db/kluaq/.local/share/Trash /homes/kluaq/.local/share/Trash
+ stat /rwproject/kdd-db/.snapshot
stat: cannot statx '/rwproject/kdd-db/.snapshot': No such file or directory
+ for p in /rwproject/kdd-db/kluaq/.snapshot /rwproject/kdd-db/.snapshot /rwproject/kdd-db/kluaq/.snapshots /homes/kluaq/.snapshot /homes/kluaq/.snapshots /rwproject/kdd-db/kluaq/.local/share/Trash /homes/kluaq/.local/share/Trash
+ stat /rwproject/kdd-db/kluaq/.snapshots
stat: cannot statx '/rwproject/kdd-db/kluaq/.snapshots': No such file or directory
+ for p in /rwproject/kdd-db/kluaq/.snapshot /rwproject/kdd-db/.snapshot /rwproject/kdd-db/kluaq/.snapshots /homes/kluaq/.snapshot /homes/kluaq/.snapshots /rwproject/kdd-db/kluaq/.local/share/Trash /homes/kluaq/.local/share/Trash
+ stat /homes/kluaq/.snapshot
stat: cannot statx '/homes/kluaq/.snapshot': No such file or directory
+ for p in /rwproject/kdd-db/kluaq/.snapshot /rwproject/kdd-db/.snapshot /rwproject/kdd-db/kluaq/.snapshots /homes/kluaq/.snapshot /homes/kluaq/.snapshots /rwproject/kdd-db/kluaq/.local/share/Trash /homes/kluaq/.local/share/Trash
+ stat /homes/kluaq/.snapshots
stat: cannot statx '/homes/kluaq/.snapshots': No such file or directory
+ for p in /rwproject/kdd-db/kluaq/.snapshot /rwproject/kdd-db/.snapshot /rwproject/kdd-db/kluaq/.snapshots /homes/kluaq/.snapshot /homes/kluaq/.snapshots /rwproject/kdd-db/kluaq/.local/share/Trash /homes/kluaq/.local/share/Trash
+ stat /rwproject/kdd-db/kluaq/.local/share/Trash
stat: cannot statx '/rwproject/kdd-db/kluaq/.local/share/Trash': No such file or directory
+ for p in /rwproject/kdd-db/kluaq/.snapshot /rwproject/kdd-db/.snapshot /rwproject/kdd-db/kluaq/.snapshots /homes/kluaq/.snapshot /homes/kluaq/.snapshots /rwproject/kdd-db/kluaq/.local/share/Trash /homes/kluaq/.local/share/Trash
+ stat /homes/kluaq/.local/share/Trash
stat: cannot statx '/homes/kluaq/.local/share/Trash': No such file or directory
+ git rev-list --objects --all
+ rg 'residual_nlist1024|STAGE_SOURCE|(^|/)(pca|coarse)\.faiss|base_pca\.fvecs|stage-diagnostic|stages-v2|common/(sift|gist)|\.tar(\.gz)?$|\.zip$'
778338f7169acc2da0cc902be52e9b6d0b378006 saq_codex_autonomy_files.zip
+ git status --short --branch
## data-aware-minimal-20260923
?? results/data_aware_minimal_2026_09_23/
?? results/data_aware_recovery_followup_2026_09_23/
+ date -Is
2026-09-23T21:53:54+08:00
