-- The CXX compiler identification is GNU 11.5.0
-- Detecting CXX compiler ABI info
-- Detecting CXX compiler ABI info - done
-- Check for working CXX compiler: /bin/c++ - skipped
-- Detecting CXX compile features
-- Detecting CXX compile features - done
-- Found OpenSSL: /usr/lib64/libcrypto.so (found version "3.5.8") found components: Crypto
-- Found OpenMP_CXX: -fopenmp (found version "4.5")
-- Found OpenMP: TRUE (found version "4.5")
-- Performing Test COMPILER_SUPPORTS_BMI2
-- Performing Test COMPILER_SUPPORTS_BMI2 - Success
-- Found OpenMP_CXX: -fopenmp (found version "4.5")
-- Performing Test CMAKE_HAVE_LIBC_PTHREAD
-- Performing Test CMAKE_HAVE_LIBC_PTHREAD - Success
-- Found Threads: TRUE
-- Could NOT find MKL (missing: MKL_LIBRARIES) 
-- Using user-provided BLAS libraries: /usr/lib64/libopenblaso.so.0
-- Using user-provided LAPACK libraries: /usr/lib64/libopenblaso.so.0
-- Configuring done (1.0s)
-- Generating done (0.3s)
-- Build files have been written to: /tmp/saq-data-aware-rebuild-20260923/build
[  0%] Building CXX object faiss-build/faiss/CMakeFiles/faiss.dir/AutoTune.cpp.o
[  0%] Building CXX object faiss-build/faiss/CMakeFiles/faiss.dir/Clustering.cpp.o
[  0%] Building CXX object faiss-build/faiss/CMakeFiles/faiss.dir/SuperKMeans.cpp.o
[  0%] Building CXX object faiss-build/faiss/CMakeFiles/faiss.dir/IVFlib.cpp.o
[  0%] Building CXX object faiss-build/faiss/CMakeFiles/faiss.dir/Index.cpp.o
[  0%] Building CXX object faiss-build/faiss/CMakeFiles/faiss.dir/Index2Layer.cpp.o
[  0%] Building CXX object faiss-build/faiss/CMakeFiles/faiss.dir/IndexAdditiveQuantizer.cpp.o
[  6%] Building CXX object faiss-build/faiss/CMakeFiles/faiss.dir/IndexBinary.cpp.o
[  6%] Building CXX object faiss-build/faiss/CMakeFiles/faiss.dir/IndexBinaryFlat.cpp.o
[  6%] Building CXX object faiss-build/faiss/CMakeFiles/faiss.dir/IndexBinaryFromFloat.cpp.o
[  6%] Building CXX object faiss-build/faiss/CMakeFiles/faiss.dir/IndexBinaryHNSW.cpp.o
[  6%] Building CXX object faiss-build/faiss/CMakeFiles/faiss.dir/IndexBinaryHash.cpp.o
[  6%] Building CXX object faiss-build/faiss/CMakeFiles/faiss.dir/IndexBinaryIVF.cpp.o
[  6%] Building CXX object faiss-build/faiss/CMakeFiles/faiss.dir/IndexFlat.cpp.o
[  6%] Building CXX object faiss-build/faiss/CMakeFiles/faiss.dir/IndexFlatCodes.cpp.o
[ 13%] Building CXX object faiss-build/faiss/CMakeFiles/faiss.dir/IndexHNSW.cpp.o
[ 13%] Building CXX object faiss-build/faiss/CMakeFiles/faiss.dir/IndexIDMap.cpp.o
[ 13%] Building CXX object faiss-build/faiss/CMakeFiles/faiss.dir/IndexIVF.cpp.o
[ 13%] Building CXX object faiss-build/faiss/CMakeFiles/faiss.dir/IndexIVFAdditiveQuantizer.cpp.o
[ 13%] Building CXX object faiss-build/faiss/CMakeFiles/faiss.dir/IndexIVFFlat.cpp.o
[ 13%] Building CXX object faiss-build/faiss/CMakeFiles/faiss.dir/IndexIVFFlatPanorama.cpp.o
[ 13%] Building CXX object faiss-build/faiss/CMakeFiles/faiss.dir/IndexIVFPQ.cpp.o
[ 13%] Building CXX object faiss-build/faiss/CMakeFiles/faiss.dir/IndexIVFFastScan.cpp.o
[ 20%] Building CXX object faiss-build/faiss/CMakeFiles/faiss.dir/IndexIVFAdditiveQuantizerFastScan.cpp.o
[ 20%] Building CXX object faiss-build/faiss/CMakeFiles/faiss.dir/IndexIVFPQFastScan.cpp.o
[ 20%] Building CXX object faiss-build/faiss/CMakeFiles/faiss.dir/IndexIVFPQR.cpp.o
[ 20%] Building CXX object faiss-build/faiss/CMakeFiles/faiss.dir/IndexIVFRaBitQ.cpp.o
[ 20%] Building CXX object faiss-build/faiss/CMakeFiles/faiss.dir/IndexIVFRaBitQFastScan.cpp.o
[ 20%] Building CXX object faiss-build/faiss/CMakeFiles/faiss.dir/IndexIVFSpectralHash.cpp.o
[ 20%] Building CXX object faiss-build/faiss/CMakeFiles/faiss.dir/IndexLSH.cpp.o
[ 20%] Building CXX object faiss-build/faiss/CMakeFiles/faiss.dir/IndexNNDescent.cpp.o
[ 26%] Building CXX object faiss-build/faiss/CMakeFiles/faiss.dir/IndexLattice.cpp.o
[ 26%] Building CXX object faiss-build/faiss/CMakeFiles/faiss.dir/IndexNSG.cpp.o
[ 26%] Building CXX object faiss-build/faiss/CMakeFiles/faiss.dir/IndexPQ.cpp.o
[ 26%] Building CXX object faiss-build/faiss/CMakeFiles/faiss.dir/IndexFastScan.cpp.o
[ 26%] Building CXX object faiss-build/faiss/CMakeFiles/faiss.dir/IndexAdditiveQuantizerFastScan.cpp.o
[ 26%] Building CXX object faiss-build/faiss/CMakeFiles/faiss.dir/IndexIVFIndependentQuantizer.cpp.o
[ 26%] Building CXX object faiss-build/faiss/CMakeFiles/faiss.dir/IndexPQFastScan.cpp.o
[ 26%] Building CXX object faiss-build/faiss/CMakeFiles/faiss.dir/IndexPreTransform.cpp.o
[ 33%] Building CXX object faiss-build/faiss/CMakeFiles/faiss.dir/IndexRaBitQ.cpp.o
[ 33%] Building CXX object faiss-build/faiss/CMakeFiles/faiss.dir/IndexRaBitQFastScan.cpp.o
[ 33%] Building CXX object faiss-build/faiss/CMakeFiles/faiss.dir/IndexRefine.cpp.o
[ 33%] Building CXX object faiss-build/faiss/CMakeFiles/faiss.dir/IndexReplicas.cpp.o
[ 33%] Building CXX object faiss-build/faiss/CMakeFiles/faiss.dir/IndexRowwiseMinMax.cpp.o
[ 33%] Building CXX object faiss-build/faiss/CMakeFiles/faiss.dir/IndexScalarQuantizer.cpp.o
[ 33%] Building CXX object faiss-build/faiss/CMakeFiles/faiss.dir/IndexShards.cpp.o
[ 33%] Building CXX object faiss-build/faiss/CMakeFiles/faiss.dir/IndexShardsIVF.cpp.o
[ 40%] Building CXX object faiss-build/faiss/CMakeFiles/faiss.dir/IndexNeuralNetCodec.cpp.o
[ 40%] Building CXX object faiss-build/faiss/CMakeFiles/faiss.dir/MatrixStats.cpp.o
[ 40%] Building CXX object faiss-build/faiss/CMakeFiles/faiss.dir/MetaIndexes.cpp.o
[ 40%] Building CXX object faiss-build/faiss/CMakeFiles/faiss.dir/VectorTransform.cpp.o
[ 40%] Building CXX object faiss-build/faiss/CMakeFiles/faiss.dir/clone_index.cpp.o
[ 40%] Building CXX object faiss-build/faiss/CMakeFiles/faiss.dir/index_factory.cpp.o
[ 40%] Building CXX object faiss-build/faiss/CMakeFiles/faiss.dir/impl/AdSampling.cpp.o
[ 40%] Building CXX object faiss-build/faiss/CMakeFiles/faiss.dir/impl/AuxIndexStructures.cpp.o
[ 46%] Building CXX object faiss-build/faiss/CMakeFiles/faiss.dir/impl/VisitedTable.cpp.o
[ 46%] Building CXX object faiss-build/faiss/CMakeFiles/faiss.dir/impl/ClusteringInitialization.cpp.o
[ 46%] Building CXX object faiss-build/faiss/CMakeFiles/faiss.dir/impl/ClusteringHelpers.cpp.o
[ 46%] Building CXX object faiss-build/faiss/CMakeFiles/faiss.dir/impl/CodePacker.cpp.o
[ 46%] Building CXX object faiss-build/faiss/CMakeFiles/faiss.dir/impl/CodePackerRaBitQ.cpp.o
[ 46%] Building CXX object faiss-build/faiss/CMakeFiles/faiss.dir/impl/IDSelector.cpp.o
[ 46%] Building CXX object faiss-build/faiss/CMakeFiles/faiss.dir/impl/FaissException.cpp.o
[ 46%] Building CXX object faiss-build/faiss/CMakeFiles/faiss.dir/impl/HNSW.cpp.o
[ 53%] Building CXX object faiss-build/faiss/CMakeFiles/faiss.dir/impl/hnsw/LockVector.cpp.o
[ 53%] Building CXX object faiss-build/faiss/CMakeFiles/faiss.dir/impl/hnsw/MinimaxHeap.cpp.o
[ 53%] Building CXX object faiss-build/faiss/CMakeFiles/faiss.dir/impl/NSG.cpp.o
[ 53%] Building CXX object faiss-build/faiss/CMakeFiles/faiss.dir/impl/PolysemousTraining.cpp.o
[ 53%] Building CXX object faiss-build/faiss/CMakeFiles/faiss.dir/impl/ProductQuantizer.cpp.o
[ 53%] Building CXX object faiss-build/faiss/CMakeFiles/faiss.dir/impl/pq_code_distance/pq_code_distance-generic.cpp.o
[ 53%] Building CXX object faiss-build/faiss/CMakeFiles/faiss.dir/impl/pq_code_distance/IVFPQ_QueryTables.cpp.o
[ 53%] Building CXX object faiss-build/faiss/CMakeFiles/faiss.dir/impl/AdditiveQuantizer.cpp.o
[ 60%] Building CXX object faiss-build/faiss/CMakeFiles/faiss.dir/impl/RaBitQuantizer.cpp.o
[ 60%] Building CXX object faiss-build/faiss/CMakeFiles/faiss.dir/impl/RaBitQuantizerMultiBit.cpp.o
[ 60%] Building CXX object faiss-build/faiss/CMakeFiles/faiss.dir/impl/RaBitQUtils.cpp.o
[ 60%] Building CXX object faiss-build/faiss/CMakeFiles/faiss.dir/impl/ResidualQuantizer.cpp.o
[ 60%] Building CXX object faiss-build/faiss/CMakeFiles/faiss.dir/impl/LocalSearchQuantizer.cpp.o
[ 60%] Building CXX object faiss-build/faiss/CMakeFiles/faiss.dir/impl/ProductAdditiveQuantizer.cpp.o
[ 60%] Building CXX object faiss-build/faiss/CMakeFiles/faiss.dir/impl/ScalarQuantizer.cpp.o
[ 60%] Building CXX object faiss-build/faiss/CMakeFiles/faiss.dir/impl/scalar_quantizer/training.cpp.o
[ 66%] Building CXX object faiss-build/faiss/CMakeFiles/faiss.dir/impl/index_read.cpp.o
[ 66%] Building CXX object faiss-build/faiss/CMakeFiles/faiss.dir/impl/index_write.cpp.o
[ 66%] Building CXX object faiss-build/faiss/CMakeFiles/faiss.dir/impl/io.cpp.o
[ 66%] Building CXX object faiss-build/faiss/CMakeFiles/faiss.dir/impl/kmeans1d.cpp.o
[ 66%] Building CXX object faiss-build/faiss/CMakeFiles/faiss.dir/impl/lattice_Zn.cpp.o
[ 66%] Building CXX object faiss-build/faiss/CMakeFiles/faiss.dir/impl/mapped_io.cpp.o
[ 66%] Building CXX object faiss-build/faiss/CMakeFiles/faiss.dir/impl/fast_scan/fast_scan.cpp.o
[ 66%] Building CXX object faiss-build/faiss/CMakeFiles/faiss.dir/impl/residual_quantizer_encode_steps.cpp.o
[ 73%] Building CXX object faiss-build/faiss/CMakeFiles/faiss.dir/impl/zerocopy_io.cpp.o
[ 73%] Building CXX object faiss-build/faiss/CMakeFiles/faiss.dir/impl/NNDescent.cpp.o
[ 73%] Building CXX object faiss-build/faiss/CMakeFiles/faiss.dir/impl/Panorama.cpp.o
[ 73%] Building CXX object faiss-build/faiss/CMakeFiles/faiss.dir/impl/PanoramaStats.cpp.o
[ 73%] Building CXX object faiss-build/faiss/CMakeFiles/faiss.dir/impl/PdxLayout.cpp.o
[ 73%] Building CXX object faiss-build/faiss/CMakeFiles/faiss.dir/invlists/BlockInvertedLists.cpp.o
[ 73%] Building CXX object faiss-build/faiss/CMakeFiles/faiss.dir/invlists/DirectMap.cpp.o
[ 73%] Building CXX object faiss-build/faiss/CMakeFiles/faiss.dir/invlists/InvertedLists.cpp.o
[ 80%] Building CXX object faiss-build/faiss/CMakeFiles/faiss.dir/invlists/InvertedListsIOHook.cpp.o
[ 80%] Building CXX object faiss-build/faiss/CMakeFiles/faiss.dir/utils/Heap.cpp.o
[ 80%] Building CXX object faiss-build/faiss/CMakeFiles/faiss.dir/utils/NeuralNet.cpp.o
[ 80%] Building CXX object faiss-build/faiss/CMakeFiles/faiss.dir/utils/WorkerThread.cpp.o
[ 80%] Building CXX object faiss-build/faiss/CMakeFiles/faiss.dir/utils/distances.cpp.o
[ 80%] Building CXX object faiss-build/faiss/CMakeFiles/faiss.dir/utils/distances_simd.cpp.o
[ 80%] Building CXX object faiss-build/faiss/CMakeFiles/faiss.dir/utils/extra_distances.cpp.o
[ 80%] Building CXX object faiss-build/faiss/CMakeFiles/faiss.dir/utils/hamming.cpp.o
[ 86%] Building CXX object faiss-build/faiss/CMakeFiles/faiss.dir/utils/partitioning.cpp.o
[ 86%] Building CXX object faiss-build/faiss/CMakeFiles/faiss.dir/utils/quantize_lut.cpp.o
[ 86%] Building CXX object faiss-build/faiss/CMakeFiles/faiss.dir/utils/random.cpp.o
[ 86%] Building CXX object faiss-build/faiss/CMakeFiles/faiss.dir/utils/sorting.cpp.o
[ 86%] Building CXX object faiss-build/faiss/CMakeFiles/faiss.dir/utils/utils.cpp.o
[ 86%] Building CXX object faiss-build/faiss/CMakeFiles/faiss.dir/utils/simd_levels.cpp.o
[ 86%] Building CXX object faiss-build/faiss/CMakeFiles/faiss.dir/utils/distances_fused/distances_fused.cpp.o
[ 86%] Building CXX object faiss-build/faiss/CMakeFiles/faiss.dir/factory_tools.cpp.o
[ 93%] Building CXX object faiss-build/faiss/CMakeFiles/faiss.dir/invlists/OnDiskInvertedLists.cpp.o
[ 93%] Linking CXX static library libfaiss.a
[ 93%] Built target faiss
[ 93%] Building CXX object CMakeFiles/correlated_pair_rebuild_panel.dir/admission.cpp.o
[ 93%] Building CXX object CMakeFiles/correlated_pair_rebuild_panel.dir/dataset_io.cpp.o
[ 93%] Building CXX object CMakeFiles/correlated_pair_rebuild_panel.dir/common.cpp.o
In file included from /rwproject/kdd-db/kluaq/worktrees/saq-data-aware-minimal-20260923/third_party/faiss/faiss/impl/FaissAssert.h:13,
                 from /rwproject/kdd-db/kluaq/worktrees/saq-data-aware-minimal-20260923/third_party/faiss/faiss/MetricType.h:17,
                 from /rwproject/kdd-db/kluaq/worktrees/saq-data-aware-minimal-20260923/third_party/faiss/faiss/Index.h:13,
                 from /rwproject/kdd-db/kluaq/worktrees/saq-data-aware-minimal-20260923/third_party/faiss/faiss/Clustering.h:12,
                 from /rwproject/kdd-db/kluaq/worktrees/saq-data-aware-minimal-20260923/research/structured_2d/common.cpp:5:
/rwproject/kdd-db/kluaq/worktrees/saq-data-aware-minimal-20260923/third_party/faiss/faiss/impl/FaissException.h:82: warning: ignoring ‘#pragma omp critical’ [-Wunknown-pragmas]
   82 | #pragma omp critical(faiss_omp_exception)
      | 
/rwproject/kdd-db/kluaq/worktrees/saq-data-aware-minimal-20260923/third_party/faiss/faiss/impl/FaissException.h:93: warning: ignoring ‘#pragma omp critical’ [-Wunknown-pragmas]
   93 | #pragma omp critical(faiss_omp_exception)
      | 
[ 93%] Building CXX object CMakeFiles/correlated_pair_rebuild_panel.dir/rwproject/kdd-db/kluaq/worktrees/saq-data-aware-minimal-20260923/research/correlated_pair_allocation/rebuild_residual_panel.cpp.o
In file included from /rwproject/kdd-db/kluaq/worktrees/saq-data-aware-minimal-20260923/third_party/faiss/faiss/impl/FaissAssert.h:13,
                 from /rwproject/kdd-db/kluaq/worktrees/saq-data-aware-minimal-20260923/third_party/faiss/faiss/MetricType.h:17,
                 from /rwproject/kdd-db/kluaq/worktrees/saq-data-aware-minimal-20260923/third_party/faiss/faiss/Index.h:13,
                 from /rwproject/kdd-db/kluaq/worktrees/saq-data-aware-minimal-20260923/third_party/faiss/faiss/IndexFlatCodes.h:12,
                 from /rwproject/kdd-db/kluaq/worktrees/saq-data-aware-minimal-20260923/third_party/faiss/faiss/IndexFlat.h:15,
                 from /rwproject/kdd-db/kluaq/worktrees/saq-data-aware-minimal-20260923/research/correlated_pair_allocation/rebuild_residual_panel.cpp:4:
/rwproject/kdd-db/kluaq/worktrees/saq-data-aware-minimal-20260923/third_party/faiss/faiss/impl/FaissException.h:82: warning: ignoring ‘#pragma omp critical’ [-Wunknown-pragmas]
   82 | #pragma omp critical(faiss_omp_exception)
      | 
/rwproject/kdd-db/kluaq/worktrees/saq-data-aware-minimal-20260923/third_party/faiss/faiss/impl/FaissException.h:93: warning: ignoring ‘#pragma omp critical’ [-Wunknown-pragmas]
   93 | #pragma omp critical(faiss_omp_exception)
      | 
[100%] Linking CXX executable correlated_pair_rebuild_panel
[100%] Built target correlated_pair_rebuild_panel
