ABSOLUTE EVALUATION SSE PER VECTOR
| SIFT1M | A_TO_B | ADJ | 592.708812 | 460.42188 | 459.744939 | 459.616598 |
| SIFT1M | A_TO_B | CORR_GREEDY | 576.442053 | 463.415525 | 463.262294 | 463.262294 |
| SIFT1M | A_TO_B | EA | 459.972063 | 460.975056 | 459.703332 | 459.703332 |
| SIFT1M | B_TO_A | ADJ | 612.535189 | 473.843469 | 473.757314 | 473.363856 |
| SIFT1M | B_TO_A | CORR_GREEDY | 598.998801 | 471.29526 | 471.069863 | 471.069863 |
| SIFT1M | B_TO_A | EA | 471.136996 | 470.392262 | 470.877018 | 470.877018 |
| GIST1M_HEAD128 | A_TO_B | ADJ | 0.0145815511 | 0.0125854771 | 0.0125750659 | 0.0125273007 |
| GIST1M_HEAD128 | A_TO_B | CORR_GREEDY | 0.0139181698 | 0.0125813532 | 0.0125162281 | 0.0124703818 |
| GIST1M_HEAD128 | A_TO_B | EA | 0.0125496444 | 0.0125311334 | 0.0124922007 | 0.0124922007 |
| GIST1M_HEAD128 | B_TO_A | ADJ | 0.0144223504 | 0.0124211202 | 0.0123876593 | 0.0123337255 |
| GIST1M_HEAD128 | B_TO_A | CORR_GREEDY | 0.013503507 | 0.0124138852 | 0.0123205101 | 0.0123205101 |
| GIST1M_HEAD128 | B_TO_A | EA | 0.0123257507 | 0.0122743024 | 0.012250663 | 0.012250663 |
PAIRING EFFECTS
{'dataset': 'SIFT1M', 'fold': 'A_TO_B', 'CORR_S_eval_SSE_per_vector': 463.26229388497615, 'gain_vs_ADJ_S_percent': -0.7932036747655191, 'gain_vs_EA_S_percent': -0.7741866925356167}
{'dataset': 'SIFT1M', 'fold': 'B_TO_A', 'CORR_S_eval_SSE_per_vector': 471.0698632703696, 'gain_vs_ADJ_S_percent': 0.48461511105974964, 'gain_vs_EA_S_percent': -0.04095442043479114}
{'dataset': 'GIST1M_HEAD128', 'fold': 'A_TO_B', 'CORR_S_eval_SSE_per_vector': 0.012470381828535711, 'gain_vs_ADJ_S_percent': 0.4543589520999425, 'gain_vs_EA_S_percent': 0.17465978506013835}
{'dataset': 'GIST1M_HEAD128', 'fold': 'B_TO_A', 'CORR_S_eval_SSE_per_vector': 0.012320510122321503, 'gain_vs_ADJ_S_percent': 0.10714804228268981, 'gain_vs_EA_S_percent': -0.5701496805231576}
UPSTREAM SERIALIZED BYTES [{'dataset': 'sift', 'full_PCA_serialized_bytes': 132675, 'coarse_serialized_bytes': 524333, 'total_serialized_bytes': 657008}, {'dataset': 'gist', 'full_PCA_serialized_bytes': 7384387, 'coarse_serialized_bytes': 3932205, 'total_serialized_bytes': 11316592}]
shared_model_total_bytes 19712 22240
shared_selected_codebook_bytes 16384 18912
selected_lookup_entries 2048 2364
